
> dsa@0.0.0 build
> vite build

vite v8.0.0 building client environment for production...
[2Ktransforming...✓ 2094 modules transformed.
✗ Build failed in 493ms
error during build:
Build failed with 2 errors:

[plugin vite:css] /Users/user/DSA/client/node_modules/react-calendar-heatmap/dist/styles.css:undefined:NaN
Error: [postcss] It looks like you're trying to use `tailwindcss` directly as a PostCSS plugin. The PostCSS plugin has moved to a separate package, so to continue using Tailwind CSS with PostCSS you'll need to install `@tailwindcss/postcss` and update your PostCSS configuration.
    at at (/Users/user/DSA/client/node_modules/tailwindcss/dist/lib.js:38:1643)
    at LazyResult.runOnRoot (/Users/user/DSA/client/node_modules/postcss/lib/lazy-result.js:361:16)
    at LazyResult.runAsync (/Users/user/DSA/client/node_modules/postcss/lib/lazy-result.js:290:26)
    at LazyResult.async (/Users/user/DSA/client/node_modules/postcss/lib/lazy-result.js:192:30)
    at LazyResult.then (/Users/user/DSA/client/node_modules/postcss/lib/lazy-result.js:436:17)
[plugin vite:css] /Users/user/DSA/client/src/index.css:undefined:NaN
Error: [postcss] It looks like you're trying to use `tailwindcss` directly as a PostCSS plugin. The PostCSS plugin has moved to a separate package, so to continue using Tailwind CSS with PostCSS you'll need to install `@tailwindcss/postcss` and update your PostCSS configuration.
    at at (/Users/user/DSA/client/node_modules/tailwindcss/dist/lib.js:38:1643)
    at LazyResult.runOnRoot (/Users/user/DSA/client/node_modules/postcss/lib/lazy-result.js:361:16)
    at LazyResult.runAsync (/Users/user/DSA/client/node_modules/postcss/lib/lazy-result.js:290:26)
    at async runPostCSS (file:///Users/user/DSA/client/node_modules/vite/dist/node/chunks/node.js:20913:19)
    at async compilePostCSS (file:///Users/user/DSA/client/node_modules/vite/dist/node/chunks/node.js:20897:6)
    at async compileCSS (file:///Users/user/DSA/client/node_modules/vite/dist/node/chunks/node.js:20827:26)
    at async TransformPluginContextImpl.handler (file:///Users/user/DSA/client/node_modules/vite/dist/node/chunks/node.js:20343:47)
    at async plugin (file:///Users/user/DSA/client/node_modules/rolldown/dist/shared/bindingify-input-options-Cu7pt6SZ.mjs:1106:16)
    at async plugin.<computed> (file:///Users/user/DSA/client/node_modules/rolldown/dist/shared/bindingify-input-options-Cu7pt6SZ.mjs:1570:12)
    at aggregateBindingErrorsIntoJsError (file:///Users/user/DSA/client/node_modules/rolldown/dist/shared/error-CP8smW_P.mjs:48:18)
    at unwrapBindingResult (file:///Users/user/DSA/client/node_modules/rolldown/dist/shared/error-CP8smW_P.mjs:18:128)
    at #build (file:///Users/user/DSA/client/node_modules/rolldown/dist/shared/rolldown-build-4YnQkA76.mjs:3311:34)
    at async buildEnvironment (file:///Users/user/DSA/client/node_modules/vite/dist/node/chunks/node.js:32794:64)
    at async Object.build (file:///Users/user/DSA/client/node_modules/vite/dist/node/chunks/node.js:33216:19)
    at async Object.buildApp (file:///Users/user/DSA/client/node_modules/vite/dist/node/chunks/node.js:33213:153)
    at async CAC.<anonymous> (file:///Users/user/DSA/client/node_modules/vite/dist/node/cli.js:778:3) {
  errors: [Getter/Setter]
}
